MPLINK 5.08, LINKER
Linker Map File - Created Sun Nov 22 19:58:08 2020

                                 Section Info
                  Section       Type    Address   Location Size(Bytes)
                ---------  ---------  ---------  ---------  ---------
                 RES_VECT       code   0x000000    program   0x000002
                   .cinit    romdata   0x000001    program   0x000004
                 ISR_VECT       code   0x000004    program   0x000096
                MAIN_PROG       code   0x00004f    program   0x00009a
.config_2007_BUILD/DEFAULT/PRODUCTION/PRINCIP       code   0x002007    program   0x000002
.config_2008_BUILD/DEFAULT/PRODUCTION/PRINCIP       code   0x002008    program   0x000002
                  GPR_VAR      udata   0x000020       data   0x000005



                              Program Memory Usage 
                               Start         End      
                           ---------   ---------      
                            0x000000    0x000002      
                            0x000004    0x00009b      
                            0x002007    0x002008      
            157 out of 8455 program addresses used, program memory utilization is 1%



                              Symbols - Sorted by Name
                     Name    Address   Location    Storage File                     
                ---------  ---------  ---------  --------- ---------                
            CAMBIO_CANAL1   0x00002c    program     static C:\Users\noelp\Documents\GitHub\Proyecto3\Proyecto3.X\Principal.asm
            CAMBIO_CANAL2   0x000035    program     static C:\Users\noelp\Documents\GitHub\Proyecto3\Proyecto3.X\Principal.asm
                   CANAL0   0x000024    program     static C:\Users\noelp\Documents\GitHub\Proyecto3\Proyecto3.X\Principal.asm
                CONFIG_IO   0x000052    program     static C:\Users\noelp\Documents\GitHub\Proyecto3\Proyecto3.X\Principal.asm
                  INT_ADC   0x000017    program     static C:\Users\noelp\Documents\GitHub\Proyecto3\Proyecto3.X\Principal.asm
                 INT_TMR0   0x00000e    program     static C:\Users\noelp\Documents\GitHub\Proyecto3\Proyecto3.X\Principal.asm
                 INT_TMR2   0x00003f    program     static C:\Users\noelp\Documents\GitHub\Proyecto3\Proyecto3.X\Principal.asm
                     LOOP   0x000050    program     static C:\Users\noelp\Documents\GitHub\Proyecto3\Proyecto3.X\Principal.asm
                      POP   0x000049    program     static C:\Users\noelp\Documents\GitHub\Proyecto3\Proyecto3.X\Principal.asm
                     PUSH   0x000004    program     static C:\Users\noelp\Documents\GitHub\Proyecto3\Proyecto3.X\Principal.asm
              REINICIOADC   0x000041    program     static C:\Users\noelp\Documents\GitHub\Proyecto3\Proyecto3.X\Principal.asm
                    START   0x00004f    program     static C:\Users\noelp\Documents\GitHub\Proyecto3\Proyecto3.X\Principal.asm
          _MAIN_PROG_0002   0x000051    program     static C:\Users\noelp\Documents\GitHub\Proyecto3\Proyecto3.X\Principal.asm
                    CONT1   0x000022       data     static C:\Users\noelp\Documents\GitHub\Proyecto3\Proyecto3.X\Principal.asm
            CONTROL_CANAL   0x000024       data     static C:\Users\noelp\Documents\GitHub\Proyecto3\Proyecto3.X\Principal.asm
                     POT3   0x000023       data     static C:\Users\noelp\Documents\GitHub\Proyecto3\Proyecto3.X\Principal.asm
              STATUS_TEMP   0x000020       data     static C:\Users\noelp\Documents\GitHub\Proyecto3\Proyecto3.X\Principal.asm
                   W_TEMP   0x000021       data     static C:\Users\noelp\Documents\GitHub\Proyecto3\Proyecto3.X\Principal.asm



                              Symbols - Sorted by Address
                     Name    Address   Location    Storage File                     
                ---------  ---------  ---------  --------- ---------                
                     PUSH   0x000004    program     static C:\Users\noelp\Documents\GitHub\Proyecto3\Proyecto3.X\Principal.asm
                 INT_TMR0   0x00000e    program     static C:\Users\noelp\Documents\GitHub\Proyecto3\Proyecto3.X\Principal.asm
                  INT_ADC   0x000017    program     static C:\Users\noelp\Documents\GitHub\Proyecto3\Proyecto3.X\Principal.asm
                   CANAL0   0x000024    program     static C:\Users\noelp\Documents\GitHub\Proyecto3\Proyecto3.X\Principal.asm
            CAMBIO_CANAL1   0x00002c    program     static C:\Users\noelp\Documents\GitHub\Proyecto3\Proyecto3.X\Principal.asm
            CAMBIO_CANAL2   0x000035    program     static C:\Users\noelp\Documents\GitHub\Proyecto3\Proyecto3.X\Principal.asm
                 INT_TMR2   0x00003f    program     static C:\Users\noelp\Documents\GitHub\Proyecto3\Proyecto3.X\Principal.asm
              REINICIOADC   0x000041    program     static C:\Users\noelp\Documents\GitHub\Proyecto3\Proyecto3.X\Principal.asm
                      POP   0x000049    program     static C:\Users\noelp\Documents\GitHub\Proyecto3\Proyecto3.X\Principal.asm
                    START   0x00004f    program     static C:\Users\noelp\Documents\GitHub\Proyecto3\Proyecto3.X\Principal.asm
                     LOOP   0x000050    program     static C:\Users\noelp\Documents\GitHub\Proyecto3\Proyecto3.X\Principal.asm
          _MAIN_PROG_0002   0x000051    program     static C:\Users\noelp\Documents\GitHub\Proyecto3\Proyecto3.X\Principal.asm
                CONFIG_IO   0x000052    program     static C:\Users\noelp\Documents\GitHub\Proyecto3\Proyecto3.X\Principal.asm
              STATUS_TEMP   0x000020       data     static C:\Users\noelp\Documents\GitHub\Proyecto3\Proyecto3.X\Principal.asm
                   W_TEMP   0x000021       data     static C:\Users\noelp\Documents\GitHub\Proyecto3\Proyecto3.X\Principal.asm
                    CONT1   0x000022       data     static C:\Users\noelp\Documents\GitHub\Proyecto3\Proyecto3.X\Principal.asm
                     POT3   0x000023       data     static C:\Users\noelp\Documents\GitHub\Proyecto3\Proyecto3.X\Principal.asm
            CONTROL_CANAL   0x000024       data     static C:\Users\noelp\Documents\GitHub\Proyecto3\Proyecto3.X\Principal.asm


